 ========================>     TALLY 1: FLUX1     <=========================

 Material 1
   Total Material
     Flux                                 0.574243 +/- 0.0159489
 ========================>     TALLY 2: FLUX2     <=========================

 Material 2
   Total Material
     Flux                                 0.635538 +/- 0.0138653
 ========================>     TALLY 3: FLUX3     <=========================

 Material 3
   Total Material
     Flux                                 0.692409 +/- 0.013827
 ========================>     TALLY 4: FLUX4     <=========================

 Material 4
   Total Material
     Flux                                 0.743435 +/- 0.0148869
 ========================>     TALLY 5: FLUX5     <=========================

 Material 5
   Total Material
     Flux                                 0.79455 +/- 0.0165578
 ========================>     TALLY 6: FLUX6     <=========================

 Material 6
   Total Material
     Flux                                 0.908323 +/- 0.0191813
 ========================>     TALLY 7: FLUX7     <=========================

 Material 7
   Total Material
     Flux                                 0.985087 +/- 0.0189748
 ========================>     TALLY 8: FLUX8     <=========================

 Material 8
   Total Material
     Flux                                 1.07279 +/- 0.0181226
 ========================>     TALLY 9: FLUX9     <=========================

 Material 9
   Total Material
     Flux                                 1.04824 +/- 0.015784
 =======================>     TALLY 10: FLUX10     <========================

 Material 10
   Total Material
     Flux                                 1.01076 +/- 0.0142973
 =======================>     TALLY 11: FLUX11     <========================

 Material 11
   Total Material
     Flux                                 0.975371 +/- 0.0136283
 =======================>     TALLY 12: FLUX12     <========================

 Material 12
   Total Material
     Flux                                 0.983635 +/- 0.0175277
 =======================>     TALLY 13: FLUX13     <========================

 Material 13
   Total Material
     Flux                                 0.985994 +/- 0.0194061
 =======================>     TALLY 14: FLUX14     <========================

 Material 14
   Total Material
     Flux                                 1.00755 +/- 0.0234805
 =======================>     TALLY 15: FLUX15     <========================

 Material 15
   Total Material
     Flux                                 0.93802 +/- 0.0254813
 =======================>     TALLY 16: FLUX16     <========================

 Material 16
   Total Material
     Flux                                 0.895802 +/- 0.0249452
